{
  "headers": [
    {
      "tool_name": "scancode-toolkit",
      "tool_version": "3.1.2",
      "options": {
        "input": [
          "rubocop.gemspec"
        ],
        "--json-pp": "rubocop.gemspec.expected.json",
        "--package": true
      },
      "notice": "Generated with ScanCode and provided on an \"AS IS\" BASIS, WITHOUT WARRANTIES\nOR CONDITIONS OF ANY KIND, either express or implied. No content created from\nScanCode should be considered or used as legal advice. Consult an Attorney\nfor any legal advice.\nScanCode is a free software code scanning tool from nexB Inc. and others.\nVisit https://github.com/nexB/scancode-toolkit/ for support and download.",
      "start_timestamp": "2020-07-13T093035.910819",
      "end_timestamp": "2020-07-13T093039.308551",
      "duration": 3.397751808166504,
      "message": null,
      "errors": [],
      "extra_data": {
        "files_count": 1
      }
    }
  ],
  "files": [
    {
      "path": "rubocop.gemspec",
      "type": "file",
      "packages": [
        {
          "type": "gem",
          "namespace": null,
          "name": "rubocop",
          "version": "RuboCop::Version::STRING",
          "qualifiers": {},
          "subpath": null,
          "primary_language": "Ruby",
          "description": "Automatic Ruby code style checking tool. Aims to enforce the community-driven Ruby Style Guide.",
          "release_date": null,
          "parties": [
            {
              "type": "person",
              "role": "author",
              "name": "Bozhidar Batsov",
              "email": null,
              "url": null
            },
            {
              "type": "person",
              "role": "author",
              "name": " Jonas Arvidsson",
              "email": null,
              "url": null
            },
            {
              "type": "person",
              "role": "author",
              "name": " Yuji Nakayama",
              "email": null,
              "url": null
            },
            {
              "type": "person",
              "role": "email",
              "name": null,
              "email": "rubocop@googlegroups.com",
              "url": null
            }
          ],
          "keywords": [],
          "homepage_url": "https://github.com/rubocop-hq/rubocop",
          "download_url": null,
          "size": null,
          "sha1": null,
          "md5": null,
          "sha256": null,
          "sha512": null,
          "bug_tracking_url": null,
          "code_view_url": null,
          "vcs_url": null,
          "copyright": null,
          "license_expression": "mit",
          "declared_license": [
            "MIT"
          ],
          "notice_text": null,
          "root_path": null,
          "dependencies": [],
          "contains_source_code": null,
          "source_packages": [],
          "purl": "pkg:gem/rubocop@RuboCop::Version::STRING",
          "repository_homepage_url": "https://rubygems.org/gems/rubocop/versions/RuboCop::Version::STRING",
          "repository_download_url": "https://rubygems.org/downloads/rubocop-RuboCop::Version::STRING.gem",
          "api_data_url": "https://rubygems.org/api/v2/rubygems/rubocop/versions/RuboCop::Version::STRING.json"
        }
      ],
      "scan_errors": []
    }
  ]
}
