{
  "type": "haxe",
  "namespace": null,
  "name": "selecthxml",
  "version": "0.5.1",
  "qualifiers": null,
  "subpath": null,
  "primary_language": "Haxe",
  "code_type": null,
  "description": "Allows type-safe CSS-style selection on Xml objects.",
  "size": null,
  "release_date": null,
  "parties": [
    {
      "type": "person",
      "role": "contributor",
      "name": "simn",
      "email": null,
      "url": "https://lib.haxe.org/u/simn"
    },
    {
      "type": "person",
      "role": "contributor",
      "name": "jason",
      "email": null,
      "url": "https://lib.haxe.org/u/jason"
    }
  ],
  "keywords": [
    "cross",
    "xml",
    "utility",
    "css",
    "macro"
  ],
  "homepage_url": "https://github.com/jasononeil/selecthxml",
  "download_url": "https://lib.haxe.org/p/selecthxml/0.5.1/download/",
  "download_sha1": null,
  "download_md5": null,
  "download_sha256": null,
  "download_sha512": null,
  "bug_tracking_url": null,
  "code_view_url": null,
  "vcs_tool": null,
  "vcs_repository": null,
  "vcs_revision": null,
  "copyright": null,
  "normalized_license": null,
  "declared_license": "BSD",
  "notice_text": null,
  "manifest_path": null,
  "dependencies": [
    {
      "purl": "pkg:haxe/tink_core",
      "requirement": null,
      "scope": null,
      "is_runtime": true,
      "is_optional": false,
      "is_resolved": false
    },
    {
      "purl": "pkg:haxe/tink_macro@3.23",
      "requirement": null,
      "scope": null,
      "is_runtime": true,
      "is_optional": false,
      "is_resolved": true
    }
  ],
  "source_packages": [],
  "purl": "pkg:haxe/selecthxml@0.5.1",
  "repository_homepage_url": "https://lib.haxe.org/p/selecthxml",
  "repository_download_url": "https://lib.haxe.org/p/selecthxml/0.5.1/download/",
  "api_data_url": null
}