[
  "Binary redistribution (Marvell 1)\nBinary redistribution (Marvell 2)",
  "intel AND marvell-firmware AND unknown",
  "Marvell International Ltd.\n2006, One Laptop per Child and Marvell Corporation."
]