[
  {
    "type": "gopkg",
    "namespace": null,
    "name": "testify",
    "version": null,
    "qualifiers": {},
    "subpath": null,
    "primary_language": "Go",
    "description": null,
    "release_date": null,
    "parties": [],
    "keywords": [],
    "homepage_url": "https://github.com/alecthomas/participle",
    "download_url": "https://github.com/alecthomas/participle/archive/master.zip",
    "size": null,
    "sha1": null,
    "md5": null,
    "sha256": null,
    "sha512": null,
    "bug_tracking_url": null,
    "code_view_url": "https://github.com/alecthomas/participle",
    "vcs_url": null,
    "copyright": null,
    "license_expression": null,
    "declared_license": null,
    "notice_text": null,
    "root_path": null,
    "dependencies": [
      {
        "purl": "pkg:gopkg/repr@v0.0.0-20181024024818-d37bc2a10ba1",
        "requirement": "v0.0.0-20181024024818-d37bc2a10ba1",
        "scope": "require",
        "is_runtime": true,
        "is_optional": false,
        "is_resolved": true
      },
      {
        "purl": "pkg:gopkg/go-spew@v1.1.1",
        "requirement": "v1.1.1",
        "scope": "require",
        "is_runtime": true,
        "is_optional": false,
        "is_resolved": true
      },
      {
        "purl": "pkg:gopkg/testify@v1.4.0",
        "requirement": "v1.4.0",
        "scope": "require",
        "is_runtime": true,
        "is_optional": false,
        "is_resolved": true
      }
    ],
    "contains_source_code": null,
    "source_packages": [],
    "purl": "pkg:gopkg/testify",
    "repository_homepage_url": "https://github.com/alecthomas/participle",
    "repository_download_url": "https://github.com/alecthomas/participle/archive/master.zip",
    "api_data_url": null
  }
]