{
  "type": "haxe",
  "namespace": null,
  "name": "tink_core",
  "version": "1.18.0",
  "qualifiers": null,
  "subpath": null,
  "primary_language": "Haxe",
  "code_type": null,
  "description": "Tinkerbell Core",
  "size": null,
  "release_date": null,
  "parties": [
    {
      "type": "person",
      "role": "contributor",
      "name": "back2dos",
      "email": null,
      "url": "https://lib.haxe.org/u/back2dos"
    }
  ],
  "keywords": [
    "tink",
    "cross",
    "utility",
    "reactive",
    "functional",
    "async",
    "lazy",
    "signal",
    "event"
  ],
  "homepage_url": "http://haxetink.org/tink_core",
  "download_url": "https://lib.haxe.org/p/tink_core/1.18.0/download/",
  "download_sha1": null,
  "download_md5": null,
  "download_sha256": null,
  "download_sha512": null,
  "bug_tracking_url": null,
  "code_view_url": null,
  "vcs_tool": null,
  "vcs_repository": null,
  "vcs_revision": null,
  "copyright": null,
  "normalized_license": null,
  "declared_license": "MIT",
  "notice_text": null,
  "manifest_path": null,
  "dependencies": [],
  "source_packages": [],
  "purl": "pkg:haxe/tink_core@1.18.0",
  "repository_homepage_url": "https://lib.haxe.org/p/tink_core",
  "repository_download_url": "https://lib.haxe.org/p/tink_core/1.18.0/download/",
  "api_data_url": null
}