{
  "type": "nuget",
  "namespace": null,
  "name": "Castle.Core",
  "version": "4.2.1",
  "qualifiers": null,
  "subpath": null,
  "primary_language": null,
  "description": "Castle Core, including DynamicProxy, Logging Abstractions and DictionaryAdapter",
  "size": null,
  "release_date": null,
  "parties": [
    {
      "type": null,
      "role": "author",
      "name": "Castle Project Contributors",
      "email": null,
      "url": null
    },
    {
      "type": null,
      "role": "owner",
      "name": "Castle Project Contributors",
      "email": null,
      "url": null
    }
  ],
  "keywords": [],
  "homepage_url": "http://www.castleproject.org/",
  "download_url": null,
  "download_sha1": null,
  "download_md5": null,
  "download_sha256": null,
  "download_sha512": null,
  "bug_tracking_url": null,
  "code_view_url": null,
  "vcs_tool": "git",
  "vcs_repository": "https://github.com/castleproject/Core",
  "vcs_revision": null,
  "copyright": "Copyright (c) 2004-2017 Castle Project - http://www.castleproject.org/",
  "license_expression": null,
  "declared_license": "http://www.apache.org/licenses/LICENSE-2.0.html",
  "notice_text": null,
  "manifest_path": null,
  "dependencies": [],
  "contains_source_code": null,
  "source_packages": [],
  "purl": "pkg:nuget/Castle.Core@4.2.1",
  "repository_homepage_url": "https://www.nuget.org/packages/Castle.Core/4.2.1",
  "repository_download_url": "https://www.nuget.org/api/v2/package/Castle.Core/4.2.1",
  "api_data_url": "https://api.nuget.org/v3/registration3/castle.core/4.2.1.json"
}