{
  "type": "nuget",
  "namespace": null,
  "name": "EntityFramework",
  "version": "6.1.3",
  "qualifiers": null,
  "subpath": null,
  "primary_language": null,
  "description": "EntityFramework\nEntity Framework is Microsoft's recommended data access technology for new applications.",
  "size": null,
  "release_date": null,
  "parties": [
    {
      "type": null,
      "role": "author",
      "name": "Microsoft",
      "email": null,
      "url": null
    },
    {
      "type": null,
      "role": "owner",
      "name": "Microsoft",
      "email": null,
      "url": null
    }
  ],
  "keywords": [],
  "homepage_url": "http://go.microsoft.com/fwlink/?LinkID=320540",
  "download_url": null,
  "download_sha1": null,
  "download_md5": null,
  "download_sha256": null,
  "download_sha512": null,
  "bug_tracking_url": null,
  "code_view_url": null,
  "vcs_tool": null,
  "vcs_repository": null,
  "vcs_revision": null,
  "copyright": null,
  "license_expression": null,
  "declared_license": "http://go.microsoft.com/fwlink/?LinkID=320539",
  "notice_text": null,
  "manifest_path": null,
  "dependencies": [],
  "contains_source_code": null,
  "source_packages": [],
  "purl": "pkg:nuget/EntityFramework@6.1.3",
  "repository_homepage_url": "https://www.nuget.org/packages/EntityFramework/6.1.3",
  "repository_download_url": "https://www.nuget.org/api/v2/package/EntityFramework/6.1.3",
  "api_data_url": "https://api.nuget.org/v3/registration3/entityframework/6.1.3.json"
}