{
  "type": "nuget",
  "namespace": null,
  "name": "Microsoft.AspNet.Mvc",
  "version": "6.0.0-beta7",
  "qualifiers": null,
  "subpath": null,
  "primary_language": null,
  "code_type": null,
  "description": "ASP.NET MVC is a web framework that gives you a powerful, patterns-based way to build dynamic websites and Web APIs. ASP.NET MVC enables a clean separation of concerns and gives you full control over markup.",
  "size": null,
  "release_date": null,
  "parties": [
    {
      "type": null,
      "role": "author",
      "name": "Microsoft",
      "email": null,
      "url": null
    },
    {
      "type": null,
      "role": "owner",
      "name": "Microsoft",
      "email": null,
      "url": null
    }
  ],
  "keywords": [],
  "homepage_url": "http://www.asp.net/",
  "download_url": null,
  "download_checksums": [],
  "bug_tracking_url": null,
  "code_view_url": null,
  "vcs_tool": null,
  "vcs_repository": null,
  "vcs_revision": null,
  "copyright": "Copyright \u00a9 Microsoft Corporation",
  "license_expression": null,
  "declared_licensing": "http://www.microsoft.com/web/webpi/eula/net_library_eula_enu.htm",
  "notice_text": null,
  "manifest_path": null,
  "dependencies": [],
  "source_packages": []
}