{
 "type": "cargo",
 "namespace": null,
 "name": "mdbook",
 "version": "0.2.4-alpha.0",
 "qualifiers": null,
 "subpath": null,
 "primary_language": "Rust",
 "description": null,
 "release_date": null,
 "parties": {},
 "keywords": {},
 "homepage_url": null,
 "download_url": null,
 "size": null,
 "sha1": null,
 "md5": null,
 "sha256": null,
 "sha512": null,
 "bug_tracking_url": null,
 "code_view_url": null,
 "vcs_url": null,
 "copyright": null,
 "license_expression": null,
 "declared_license": null,
 "notice_text": null,
 "manifest_path": null,
 "dependencies": {},
 "contains_source_code": null,
 "source_packages": {},
 "purl": "pkg:cargo/mdbook@0.2.4-alpha.0",
 "repository_homepage_url": "https://crates.io//crates/mdbook",
 "repository_download_url": "https://crates.io/api/v1//crates/mdbook/0.2.4-alpha.0/download",
 "api_data_url": "https://crates.io/api/v1//crates/mdbook"
}
