{
  "type": "freebsd",
  "namespace": null,
  "name": "dmidecode",
  "version": "2.12",
  "qualifiers": {
    "arch": "freebsd:10:x86:64",
    "origin": "sysutils/dmidecode"
  },
  "subpath": null,
  "primary_language": null,
  "code_type": null,
  "description": "Dmidecode is a tool or dumping a computer's DMI (some say SMBIOS) table\ncontents in a human-readable format. The output contains a description of the\nsystem's hardware components, as well as other useful pieces of information\nsuch as serial numbers and BIOS revision.\n\nWWW: http://www.nongnu.org/dmidecode/",
  "size": null,
  "release_date": null,
  "parties": [
    {
      "type": "person",
      "role": "maintainer",
      "name": null,
      "email": "anders@FreeBSD.org",
      "url": null
    }
  ],
  "keywords": [
    "sysutils"
  ],
  "homepage_url": "http://www.nongnu.org/dmidecode/",
  "download_url": "https://pkg.freebsd.org/freebsd:10:x86:64/latest/All/dmidecode-2.12.txz",
  "download_sha1": null,
  "download_md5": null,
  "download_sha256": null,
  "download_sha512": null,
  "bug_tracking_url": null,
  "code_view_url": "https://svnweb.freebsd.org/ports/head/sysutils/dmidecode",
  "vcs_tool": null,
  "vcs_repository": null,
  "vcs_revision": null,
  "copyright": null,
  "license_expression": null,
  "declared_licensing": null,
  "notice_text": null,
  "manifest_path": null,
  "dependencies": [],
  "source_packages": []
}