{
  "headers": [
    {
      "tool_name": "scancode-toolkit",
      "options": {
        "input": "<path>",
        "--json": "<file>",
        "--license": true,
        "--license-text": true,
        "--license-text-diagnostics": true,
        "--strip-root": true,
        "--verbose": true
      },
      "notice": "Generated with ScanCode and provided on an \"AS IS\" BASIS, WITHOUT WARRANTIES\nOR CONDITIONS OF ANY KIND, either express or implied. No content created from\nScanCode should be considered or used as legal advice. Consult an Attorney\nfor any legal advice.\nScanCode is a free software code scanning tool from nexB Inc. and others.\nVisit https://github.com/nexB/scancode-toolkit/ for support and download.",
      "message": null,
      "errors": [],
      "extra_data": {
        "files_count": 1
      }
    }
  ],
  "files": [
    {
      "path": "gpl-2.0_with_linux-syscall-note_or_linux-openib_SPDX.RULE",
      "type": "file",
      "licenses": [
        {
          "key": "gpl-2.0",
          "score": 100.0,
          "name": "GNU General Public License 2.0",
          "short_name": "GPL 2.0",
          "category": "Copyleft",
          "is_exception": false,
          "owner": "Free Software Foundation (FSF)",
          "homepage_url": "http://www.gnu.org/licenses/gpl-2.0.html",
          "text_url": "http://www.gnu.org/licenses/gpl-2.0.txt",
          "reference_url": "https://enterprise.dejacode.com/urn/urn:dje:license:gpl-2.0",
          "spdx_license_key": "GPL-2.0-only",
          "spdx_url": "https://spdx.org/licenses/GPL-2.0-only",
          "start_line": 1,
          "end_line": 1,
          "matched_rule": {
            "identifier": "spdx-license-identifier: gpl-2.0 WITH linux-syscall-exception-gpl OR linux-openib",
            "license_expression": "gpl-2.0 WITH linux-syscall-exception-gpl OR linux-openib",
            "licenses": [
              "gpl-2.0",
              "linux-syscall-exception-gpl",
              "linux-openib"
            ],
            "is_license_text": false,
            "is_license_notice": false,
            "is_license_reference": false,
            "is_license_tag": true,
            "matcher": "1-spdx-id",
            "rule_length": 10,
            "matched_length": 10,
            "match_coverage": 100.0,
            "rule_relevance": 100
          },
          "matched_text": "SPDX-License-Identifier: ((GPL-2.0 WITH Linux-syscall-note) OR Linux-Openib) */"
        },
        {
          "key": "linux-syscall-exception-gpl",
          "score": 100.0,
          "name": "Linux Syscall Exception to GPL",
          "short_name": "Linux Syscall Exception to GPL",
          "category": "Copyleft Limited",
          "is_exception": true,
          "owner": "Linux Foundation",
          "homepage_url": null,
          "text_url": "",
          "reference_url": "https://enterprise.dejacode.com/urn/urn:dje:license:linux-syscall-exception-gpl",
          "spdx_license_key": "Linux-syscall-note",
          "spdx_url": "https://spdx.org/licenses/Linux-syscall-note",
          "start_line": 1,
          "end_line": 1,
          "matched_rule": {
            "identifier": "spdx-license-identifier: gpl-2.0 WITH linux-syscall-exception-gpl OR linux-openib",
            "license_expression": "gpl-2.0 WITH linux-syscall-exception-gpl OR linux-openib",
            "licenses": [
              "gpl-2.0",
              "linux-syscall-exception-gpl",
              "linux-openib"
            ],
            "is_license_text": false,
            "is_license_notice": false,
            "is_license_reference": false,
            "is_license_tag": true,
            "matcher": "1-spdx-id",
            "rule_length": 10,
            "matched_length": 10,
            "match_coverage": 100.0,
            "rule_relevance": 100
          },
          "matched_text": "SPDX-License-Identifier: ((GPL-2.0 WITH Linux-syscall-note) OR Linux-Openib) */"
        },
        {
          "key": "linux-openib",
          "score": 100.0,
          "name": "Linux-OpenIB",
          "short_name": "Linux-OpenIB",
          "category": "Permissive",
          "is_exception": false,
          "owner": "Linux Foundation",
          "homepage_url": "https://git.kernel.org/pub/scm/linux/kernel/git/torvalds/linux.git/tree/drivers/infiniband/core/sa.h",
          "text_url": "https://github.com/ofiwg/libfabric/blob/master/contrib/buildrpm/README",
          "reference_url": "https://enterprise.dejacode.com/urn/urn:dje:license:linux-openib",
          "spdx_license_key": "Linux-OpenIB",
          "spdx_url": "https://spdx.org/licenses/Linux-OpenIB",
          "start_line": 1,
          "end_line": 1,
          "matched_rule": {
            "identifier": "spdx-license-identifier: gpl-2.0 WITH linux-syscall-exception-gpl OR linux-openib",
            "license_expression": "gpl-2.0 WITH linux-syscall-exception-gpl OR linux-openib",
            "licenses": [
              "gpl-2.0",
              "linux-syscall-exception-gpl",
              "linux-openib"
            ],
            "is_license_text": false,
            "is_license_notice": false,
            "is_license_reference": false,
            "is_license_tag": true,
            "matcher": "1-spdx-id",
            "rule_length": 10,
            "matched_length": 10,
            "match_coverage": 100.0,
            "rule_relevance": 100
          },
          "matched_text": "SPDX-License-Identifier: ((GPL-2.0 WITH Linux-syscall-note) OR Linux-Openib) */"
        }
      ],
      "license_expressions": [
        "gpl-2.0 WITH linux-syscall-exception-gpl OR linux-openib"
      ],
      "scan_errors": []
    }
  ]
}