{
  "type": "opam",
  "namespace": null,
  "name": null,
  "version": null,
  "qualifiers": {},
  "subpath": null,
  "primary_language": "Ocaml",
  "description": "Basic control of ANSI compliant terminals and the windows shell.",
  "release_date": null,
  "parties": [
    {
      "type": "person",
      "role": "author",
      "name": "Christophe Troestler",
      "email": null,
      "url": null
    },
    {
      "type": "person",
      "role": "author",
      "name": "Vincent Hugot",
      "email": null,
      "url": null
    },
    {
      "type": "person",
      "role": "email",
      "name": null,
      "email": "Christophe.Troestler@umons.ac.be",
      "url": null
    }
  ],
  "keywords": [],
  "homepage_url": "https://github.com/Chris00/ANSITerminal",
  "download_url": null,
  "size": null,
  "sha1": null,
  "md5": null,
  "sha256": null,
  "sha512": null,
  "bug_tracking_url": null,
  "code_view_url": null,
  "vcs_url": "git+https://github.com/Chris00/ANSITerminal.git",
  "copyright": null,
  "license_expression": null,
  "declared_license": null,
  "notice_text": null,
  "root_path": null,
  "dependencies": [
    {
      "purl": "pkg:opam/ocaml",
      "requirement": "< 4.05.0",
      "scope": "dependency",
      "is_runtime": true,
      "is_optional": false,
      "is_resolved": false
    },
    {
      "purl": "pkg:opam/base-unix",
      "requirement": "",
      "scope": "dependency",
      "is_runtime": true,
      "is_optional": false,
      "is_resolved": false
    },
    {
      "purl": "pkg:opam/ocamlbuild",
      "requirement": "build",
      "scope": "dependency",
      "is_runtime": true,
      "is_optional": false,
      "is_resolved": false
    },
    {
      "purl": "pkg:opam/ocamlfind",
      "requirement": "build",
      "scope": "dependency",
      "is_runtime": true,
      "is_optional": false,
      "is_resolved": false
    }
  ],
  "contains_source_code": null,
  "source_packages": [],
  "purl": null,
  "repository_homepage_url": null,
  "repository_download_url": null,
  "api_data_url": null
}
