{
  "type": "npm",
  "namespace": null,
  "name": "cookie-signature",
  "version": "1.0.3",
  "qualifiers": null,
  "subpath": null,
  "primary_language": "JavaScript",
  "code_type": null,
  "description": "Sign and unsign cookies",
  "size": null,
  "release_date": null,
  "parties": [
    {
      "type": "person",
      "role": "author",
      "name": "TJ Holowaychuk",
      "email": "tj@learnboost.com",
      "url": null
    }
  ],
  "keywords": [
    "cookie",
    "sign",
    "unsign"
  ],
  "homepage_url": null,
  "download_url": "https://registry.npmjs.org/cookie-signature/-/cookie-signature-1.0.3.tgz",
  "download_sha1": null,
  "download_md5": null,
  "download_sha256": null,
  "download_sha512": null,
  "bug_tracking_url": "https://github.com/visionmedia/node-cookie-signature/issues",
  "code_view_url": null,
  "vcs_tool": "git",
  "vcs_repository": "https://github.com/visionmedia/node-cookie-signature.git",
  "vcs_revision": null,
  "copyright": null,
  "normalized_license": null,
  "declared_license": null,
  "notice_text": null,
  "manifest_path": null,
  "dependencies": [
    {
      "purl": "pkg:npm/mocha",
      "requirement": "*",
      "scope": "devDependencies",
      "is_runtime": false,
      "is_optional": true,
      "is_resolved": false
    },
    {
      "purl": "pkg:npm/should",
      "requirement": "*",
      "scope": "devDependencies",
      "is_runtime": false,
      "is_optional": true,
      "is_resolved": false
    }
  ],
  "source_packages": [],
  "purl": "pkg:npm/cookie-signature@1.0.3",
  "repository_homepage_url": "https://www.npmjs.com/package/cookie-signature",
  "repository_download_url": "https://registry.npmjs.org/cookie-signature/-/cookie-signature-1.0.3.tgz",
  "api_data_url": "https://registry.npmjs.org/cookie-signature/1.0.3"
}