{
  "type": "composer",
  "namespace": "jandreasn",
  "name": "a-timer",
  "version": null,
  "qualifiers": null,
  "subpath": null,
  "primary_language": "PHP",
  "code_type": null,
  "description": null,
  "size": null,
  "release_date": null,
  "parties": [
    {
      "type": "person",
      "role": null,
      "name": "Andreas Nilsson",
      "email": null,
      "url": null
    },
    {
      "type": null,
      "role": "vendor",
      "name": "jandreasn",
      "email": null,
      "url": null
    }
  ],
  "keywords": [
    "timer",
    "timing",
    "benchmark"
  ],
  "homepage_url": "http://github.com/jandreasn/a-timer",
  "download_url": null,
  "download_sha1": null,
  "download_md5": null,
  "download_sha256": null,
  "download_sha512": null,
  "bug_tracking_url": null,
  "code_view_url": null,
  "vcs_tool": null,
  "vcs_repository": null,
  "vcs_revision": null,
  "copyright": null,
  "license_expression": null,
  "declared_license": "MIT",
  "notice_text": null,
  "manifest_path": null,
  "dependencies": [
    {
      "purl": "pkg:composer/php",
      "requirement": ">=5.6.0",
      "scope": "require",
      "is_runtime": true,
      "is_optional": false,
      "is_resolved": false
    },
    {
      "purl": "pkg:composer/phpunit/phpunit",
      "requirement": "^5.6",
      "scope": "require-dev",
      "is_runtime": false,
      "is_optional": true,
      "is_resolved": false
    },
    {
      "purl": "pkg:composer/squizlabs/php_codesniffer",
      "requirement": "^2.7",
      "scope": "require-dev",
      "is_runtime": false,
      "is_optional": true,
      "is_resolved": false
    }
  ],
  "source_packages": [],
  "purl": "pkg:composer/jandreasn/a-timer",
  "repository_homepage_url": null,
  "repository_download_url": null,
  "api_data_url": null
}