{
  "type": "npm",
  "namespace": null,
  "name": "lodash.clonedeep",
  "version": "4.3.2",
  "qualifiers": null,
  "subpath": null,
  "primary_language": "JavaScript",
  "code_type": null,
  "description": "The lodash method `_.cloneDeep` exported as a module.",
  "size": null,
  "release_date": null,
  "parties": [
    {
      "type": "person",
      "role": "author",
      "name": "John-David Dalton",
      "email": "john.david.dalton@gmail.com",
      "url": "http://allyoucanleet.com/"
    },
    {
      "type": "person",
      "role": "contributor",
      "name": "John-David Dalton",
      "email": "john.david.dalton@gmail.com",
      "url": "http://allyoucanleet.com/"
    },
    {
      "type": "person",
      "role": "contributor",
      "name": "Blaine Bublitz",
      "email": "blaine.bublitz@gmail.com",
      "url": "https://github.com/phated"
    },
    {
      "type": "person",
      "role": "contributor",
      "name": "Mathias Bynens",
      "email": "mathias@qiwi.be",
      "url": "https://mathiasbynens.be/"
    }
  ],
  "keywords": [
    "lodash-modularized",
    "clonedeep"
  ],
  "homepage_url": "https://lodash.com/",
  "download_url": "https://registry.npmjs.org/lodash.clonedeep/-/lodash.clonedeep-4.3.2.tgz",
  "download_sha1": null,
  "download_md5": null,
  "download_sha256": null,
  "download_sha512": null,
  "bug_tracking_url": null,
  "code_view_url": null,
  "vcs_tool": null,
  "vcs_repository": "https://github.com/lodash/lodash",
  "vcs_revision": null,
  "copyright": null,
  "normalized_license": null,
  "declared_license": "MIT",
  "notice_text": null,
  "manifest_path": null,
  "dependencies": [
    {
      "purl": "pkg:npm/lodash._baseclone",
      "requirement": "~4.5.0",
      "scope": "dependencies",
      "is_runtime": true,
      "is_optional": false,
      "is_resolved": false
    }
  ],
  "source_packages": [],
  "purl": "pkg:npm/lodash.clonedeep@4.3.2",
  "repository_homepage_url": "https://www.npmjs.com/package/lodash.clonedeep",
  "repository_download_url": "https://registry.npmjs.org/lodash.clonedeep/-/lodash.clonedeep-4.3.2.tgz",
  "api_data_url": "https://registry.npmjs.org/lodash.clonedeep/4.3.2"
}