{
  "scancode_notice": "Generated with ScanCode and provided on an \"AS IS\" BASIS, WITHOUT WARRANTIES\nOR CONDITIONS OF ANY KIND, either express or implied. No content created from\nScanCode should be considered or used as legal advice. Consult an Attorney\nfor any legal advice.\nScanCode is a free software code scanning tool from nexB Inc. and others.\nVisit https://github.com/nexB/scancode-toolkit/ for support and download.",
  "scancode_options": {
    "input": "<path>",
    "--copyright": true,
    "--copyright-summary": true,
    "--json-pp": "<file>"
  },
  "files_count": 1,
  "files": [
    {
      "path": "scan2",
      "type": "directory",
      "holders": [],
      "copyrights": [],
      "authors": [],
      "copyrights_summary": [
        {
          "value": "copyright Sun Microsystems Inc.",
          "count": 1
        },
        {
          "value": "Copyright (c) Mort Bay Consulting Pty. Ltd. (Australia) and others.",
          "count": 1
        }
      ],
      "holders_summary": [
        {
          "value": "Sun Microsystems, Inc.",
          "count": 1
        },
        {
          "value": "Mort Bay Consulting Pty. Ltd. (Australia) and others.",
          "count": 1
        }
      ],
      "authors_summary": [],
      "scan_errors": []
    },
    {
      "path": "scan2/jetty.LICENSE",
      "type": "file",
      "holders": [
        {
          "value": "Mort Bay Consulting Pty. Ltd. (Australia) and others.",
          "start_line": 44,
          "end_line": 46
        },
        {
          "value": "Sun Microsystems Inc.",
          "start_line": 44,
          "end_line": 46
        }
      ],
      "copyrights": [
        {
          "value": "Copyright (c) Mort Bay Consulting Pty. Ltd. (Australia) and others.",
          "start_line": 44,
          "end_line": 46
        },
        {
          "value": "copyright Sun Microsystems Inc.",
          "start_line": 44,
          "end_line": 46
        }
      ],
      "authors": [],
      "copyrights_summary": [
        {
          "value": "copyright Sun Microsystems Inc.",
          "count": 1
        },
        {
          "value": "Copyright (c) Mort Bay Consulting Pty. Ltd. (Australia) and others.",
          "count": 1
        }
      ],
      "holders_summary": [
        {
          "value": "Sun Microsystems, Inc.",
          "count": 1
        },
        {
          "value": "Mort Bay Consulting Pty. Ltd. (Australia) and others.",
          "count": 1
        }
      ],
      "authors_summary": [],
      "scan_errors": []
    }
  ]
}