[
  {
    "type": "debian",
    "namespace": null,
    "name": "libncurses5",
    "version": "6.1-1ubuntu1.18.04",
    "qualifiers": {
      "arch": "amd64"
    },
    "subpath": null,
    "primary_language": null,
    "description": "shared libraries for terminal handling\n The ncurses library routines are a terminal-independent method of\n updating character screens with reasonable optimization.\n .\n This package contains the shared libraries necessary to run programs\n compiled with ncurses.",
    "release_date": null,
    "parties": [],
    "keywords": [],
    "homepage_url": "https://invisible-island.net/ncurses/",
    "download_url": null,
    "size": "283",
    "sha1": null,
    "md5": null,
    "sha256": null,
    "sha512": null,
    "bug_tracking_url": null,
    "code_view_url": null,
    "vcs_url": null,
    "copyright": null,
    "license_expression": null,
    "declared_license": null,
    "notice_text": null,
    "root_path": null,
    "dependencies": [],
    "contains_source_code": null,
    "source_packages": [],
    "purl": "pkg:debian/libncurses5@6.1-1ubuntu1.18.04?arch=amd64",
    "repository_homepage_url": null,
    "repository_download_url": null,
    "api_data_url": null
  },
  {
    "type": "debian",
    "namespace": null,
    "name": "libcom-err2",
    "version": "1.44.1-1ubuntu1.1",
    "qualifiers": {
      "arch": "amd64"
    },
    "subpath": null,
    "primary_language": null,
    "description": "common error description library\n libcomerr is an attempt to present a common error-handling mechanism to\n manipulate the most common form of error code in a fashion that does not\n have the problems identified with mechanisms commonly in use.",
    "release_date": null,
    "parties": [],
    "keywords": [],
    "homepage_url": "http://e2fsprogs.sourceforge.net",
    "download_url": null,
    "size": "87",
    "sha1": null,
    "md5": null,
    "sha256": null,
    "sha512": null,
    "bug_tracking_url": null,
    "code_view_url": null,
    "vcs_url": null,
    "copyright": null,
    "license_expression": null,
    "declared_license": null,
    "notice_text": null,
    "root_path": null,
    "dependencies": [],
    "contains_source_code": null,
    "source_packages": [],
    "purl": "pkg:debian/libcom-err2@1.44.1-1ubuntu1.1?arch=amd64",
    "repository_homepage_url": null,
    "repository_download_url": null,
    "api_data_url": null
  },
  {
    "type": "debian",
    "namespace": null,
    "name": "libapt-pkg5.0",
    "version": "1.6.11",
    "qualifiers": {
      "arch": "amd64"
    },
    "subpath": null,
    "primary_language": null,
    "description": "package management runtime library\n This library provides the common functionality for searching and\n managing packages as well as information about packages.\n Higher-level package managers can depend upon this library.\n .\n This includes:\n  * retrieval of information about packages from multiple sources\n  * retrieval of packages and all dependent packages\n    needed to satisfy a request either through an internal\n    solver or by interfacing with an external one\n  * authenticating the sources and validating the retrieved data\n  * installation and removal of packages in the system\n  * providing different transports to retrieve data over cdrom, ftp,\n    http(s), rsh as well as an interface to add more transports like\n    tor+http(s) (apt-transport-tor).",
    "release_date": null,
    "parties": [],
    "keywords": [],
    "homepage_url": null,
    "download_url": null,
    "size": "3139",
    "sha1": null,
    "md5": null,
    "sha256": null,
    "sha512": null,
    "bug_tracking_url": null,
    "code_view_url": null,
    "vcs_url": null,
    "copyright": null,
    "license_expression": null,
    "declared_license": null,
    "notice_text": null,
    "root_path": null,
    "dependencies": [],
    "contains_source_code": null,
    "source_packages": [],
    "purl": "pkg:debian/libapt-pkg5.0@1.6.11?arch=amd64",
    "repository_homepage_url": null,
    "repository_download_url": null,
    "api_data_url": null
  },
  {
    "type": "debian",
    "namespace": null,
    "name": "libaudit1",
    "version": "1:2.8.2-1ubuntu1",
    "qualifiers": {
      "arch": "amd64"
    },
    "subpath": null,
    "primary_language": null,
    "description": "Dynamic library for security auditing\n The audit-libs package contains the dynamic libraries needed for\n applications to use the audit framework. It is used to monitor systems for\n security related events.",
    "release_date": null,
    "parties": [],
    "keywords": [],
    "homepage_url": "https://people.redhat.com/sgrubb/audit/",
    "download_url": null,
    "size": "147",
    "sha1": null,
    "md5": null,
    "sha256": null,
    "sha512": null,
    "bug_tracking_url": null,
    "code_view_url": null,
    "vcs_url": null,
    "copyright": null,
    "license_expression": null,
    "declared_license": null,
    "notice_text": null,
    "root_path": null,
    "dependencies": [],
    "contains_source_code": null,
    "source_packages": [],
    "purl": "pkg:debian/libaudit1@1:2.8.2-1ubuntu1?arch=amd64",
    "repository_homepage_url": null,
    "repository_download_url": null,
    "api_data_url": null
  },
  {
    "type": "debian",
    "namespace": null,
    "name": "perl-base",
    "version": "5.26.1-6ubuntu0.3",
    "qualifiers": {
      "arch": "amd64"
    },
    "subpath": null,
    "primary_language": null,
    "description": null,
    "release_date": null,
    "parties": [],
    "keywords": [],
    "homepage_url": null,
    "download_url": null,
    "size": "7826",
    "sha1": null,
    "md5": null,
    "sha256": null,
    "sha512": null,
    "bug_tracking_url": null,
    "code_view_url": null,
    "vcs_url": null,
    "copyright": null,
    "license_expression": null,
    "declared_license": null,
    "notice_text": null,
    "root_path": null,
    "dependencies": [],
    "contains_source_code": null,
    "source_packages": [],
    "purl": "pkg:debian/perl-base@5.26.1-6ubuntu0.3?arch=amd64",
    "repository_homepage_url": null,
    "repository_download_url": null,
    "api_data_url": null
  },
  {
    "type": "debian",
    "namespace": null,
    "name": "libudev1",
    "version": "237-3ubuntu10.22",
    "qualifiers": {
      "arch": "amd64"
    },
    "subpath": null,
    "primary_language": null,
    "description": "libudev shared library\n This library provides access to udev device information.",
    "release_date": null,
    "parties": [],
    "keywords": [],
    "homepage_url": "https://www.freedesktop.org/wiki/Software/systemd",
    "download_url": null,
    "size": "227",
    "sha1": null,
    "md5": null,
    "sha256": null,
    "sha512": null,
    "bug_tracking_url": null,
    "code_view_url": null,
    "vcs_url": null,
    "copyright": null,
    "license_expression": null,
    "declared_license": null,
    "notice_text": null,
    "root_path": null,
    "dependencies": [],
    "contains_source_code": null,
    "source_packages": [],
    "purl": "pkg:debian/libudev1@237-3ubuntu10.22?arch=amd64",
    "repository_homepage_url": null,
    "repository_download_url": null,
    "api_data_url": null
  }
]